resources/js/Components/Admin/AppSidebar.tsx(183,69): error TS2339: Property 'fullReload' does not exist on type '{ title: string; url: string; }'.
resources/js/Components/ClientAutocomplete.tsx(84,33): error TS2322: Type '{ children: Element; asChild: true; }' is not assignable to type 'IntrinsicAttributes & NativeButtonProps & Omit<WithBaseUIEvent<Omit<DetailedHTMLProps<ButtonHTMLAttributes<HTMLButtonElement>, HTMLButtonElement>, "ref"> & { ...; }>, "style" | ... 3 more ... | "color"> & { ...; } & { ...; }'.
  Property 'asChild' does not exist on type 'IntrinsicAttributes & NativeButtonProps & Omit<WithBaseUIEvent<Omit<DetailedHTMLProps<ButtonHTMLAttributes<HTMLButtonElement>, HTMLButtonElement>, "ref"> & { ...; }>, "style" | ... 3 more ... | "color"> & { ...; } & { ...; }'.
resources/js/Components/CRM/CommandPalette.tsx(35,94): error TS2339: Property 'value' does not exist on type 'EventTarget & HTMLDivElement'.
resources/js/Components/CRM/CrmCommandPalette.tsx(7,37): error TS7031: Binding element 'open' implicitly has an 'any' type.
resources/js/Components/CRM/CrmCommandPalette.tsx(7,43): error TS7031: Binding element 'setOpen' implicitly has an 'any' type.
resources/js/Components/CRM/CrmCommandPalette.tsx(7,52): error TS7031: Binding element 'onOpenLead' implicitly has an 'any' type.
resources/js/Components/CRM/CrmCommandPalette.tsx(45,27): error TS7006: Parameter 'item' implicitly has an 'any' type.
resources/js/Components/CRM/CrmCommandPalette.tsx(79,48): error TS2339: Property 'type' does not exist on type 'never'.
resources/js/Components/CRM/CrmCommandPalette.tsx(80,52): error TS2339: Property 'id' does not exist on type 'never'.
resources/js/Components/CRM/CrmCommandPalette.tsx(83,73): error TS2339: Property 'title' does not exist on type 'never'.
resources/js/Components/CRM/CrmCommandPalette.tsx(84,89): error TS2339: Property 'subtitle' does not exist on type 'never'.
resources/js/Components/PricingBuilder.tsx(330,36): error TS2345: Argument of type '(item: ServiceItem, isAddon?: boolean) => JSX.Element' is not assignable to parameter of type '(value: ServiceItem, index: number, array: ServiceItem[]) => Element'.
  Types of parameters 'isAddon' and 'index' are incompatible.
    Type 'number' is not assignable to type 'boolean | undefined'.
resources/js/Components/ui/AsyncCombobox.tsx(116,23): error TS2322: Type '{ children: Element; asChild: true; }' is not assignable to type 'IntrinsicAttributes & NativeButtonProps & Omit<WithBaseUIEvent<Omit<DetailedHTMLProps<ButtonHTMLAttributes<HTMLButtonElement>, HTMLButtonElement>, "ref"> & { ...; }>, "style" | ... 3 more ... | "color"> & { ...; } & { ...; }'.
  Property 'asChild' does not exist on type 'IntrinsicAttributes & NativeButtonProps & Omit<WithBaseUIEvent<Omit<DetailedHTMLProps<ButtonHTMLAttributes<HTMLButtonElement>, HTMLButtonElement>, "ref"> & { ...; }>, "style" | ... 3 more ... | "color"> & { ...; } & { ...; }'.
resources/js/Pages/Admin/BlogArticles/Create.tsx(12,34): error TS7031: Binding element 'services' implicitly has an 'any' type.
resources/js/Pages/Admin/BlogArticles/Create.tsx(30,21): error TS7006: Parameter 'e' implicitly has an 'any' type.
resources/js/Pages/Admin/BlogArticles/Create.tsx(99,103): error TS2345: Argument of type 'string | null' is not assignable to parameter of type 'string'.
  Type 'null' is not assignable to type 'string'.
resources/js/Pages/Admin/BlogArticles/Create.tsx(113,129): error TS2345: Argument of type 'string | null' is not assignable to parameter of type 'string'.
  Type 'null' is not assignable to type 'string'.
resources/js/Pages/Admin/BlogArticles/Create.tsx(119,52): error TS7006: Parameter 'service' implicitly has an 'any' type.
resources/js/Pages/Admin/BlogArticles/Edit.tsx(12,32): error TS7031: Binding element 'article' implicitly has an 'any' type.
resources/js/Pages/Admin/BlogArticles/Edit.tsx(12,41): error TS7031: Binding element 'services' implicitly has an 'any' type.
resources/js/Pages/Admin/BlogArticles/Edit.tsx(30,21): error TS7006: Parameter 'e' implicitly has an 'any' type.
resources/js/Pages/Admin/BlogArticles/Edit.tsx(119,52): error TS7006: Parameter 'service' implicitly has an 'any' type.
resources/js/Pages/Admin/BlogArticles/Index.tsx(10,33): error TS7031: Binding element 'articles' implicitly has an 'any' type.
resources/js/Pages/Admin/BlogArticles/Index.tsx(10,43): error TS7031: Binding element 'filters' implicitly has an 'any' type.
resources/js/Pages/Admin/BlogArticles/Index.tsx(13,27): error TS7006: Parameter 'e' implicitly has an 'any' type.
resources/js/Pages/Admin/BlogArticles/Index.tsx(53,49): error TS7006: Parameter 'article' implicitly has an 'any' type.
resources/js/Pages/Admin/Business/RecurringCosts/Create.tsx(9,34): error TS7031: Binding element 'currencies' implicitly has an 'any' type.
resources/js/Pages/Admin/Business/RecurringCosts/Create.tsx(9,46): error TS7031: Binding element 'categories' implicitly has an 'any' type.
resources/js/Pages/Admin/Business/RecurringCosts/Create.tsx(9,58): error TS7031: Binding element 'stats' implicitly has an 'any' type.
resources/js/Pages/Admin/Business/RecurringCosts/Create.tsx(32,27): error TS7006: Parameter 'e' implicitly has an 'any' type.
resources/js/Pages/Admin/Business/RecurringCosts/Edit.tsx(9,32): error TS7031: Binding element 'cost' implicitly has an 'any' type.
resources/js/Pages/Admin/Business/RecurringCosts/Edit.tsx(9,38): error TS7031: Binding element 'currencies' implicitly has an 'any' type.
resources/js/Pages/Admin/Business/RecurringCosts/Edit.tsx(9,50): error TS7031: Binding element 'categories' implicitly has an 'any' type.
resources/js/Pages/Admin/Business/RecurringCosts/Edit.tsx(31,27): error TS7006: Parameter 'e' implicitly has an 'any' type.
resources/js/Pages/Admin/Business/RecurringCosts/Index.tsx(8,33): error TS7031: Binding element 'costs' implicitly has an 'any' type.
resources/js/Pages/Admin/Business/RecurringCosts/Index.tsx(8,40): error TS7031: Binding element 'currencies' implicitly has an 'any' type.
resources/js/Pages/Admin/Business/RecurringCosts/Index.tsx(8,52): error TS7031: Binding element 'categories' implicitly has an 'any' type.
resources/js/Pages/Admin/Business/RecurringCosts/Index.tsx(8,64): error TS7031: Binding element 'stats' implicitly has an 'any' type.
resources/js/Pages/Admin/Business/RecurringCosts/Index.tsx(15,27): error TS7006: Parameter 'id' implicitly has an 'any' type.
resources/js/Pages/Admin/Business/RecurringCosts/Index.tsx(21,43): error TS7006: Parameter 'id' implicitly has an 'any' type.
resources/js/Pages/Admin/Business/RecurringCosts/Index.tsx(27,29): error TS7006: Parameter 'cost' implicitly has an 'any' type.
resources/js/Pages/Admin/Business/RecurringCosts/Index.tsx(105,42): error TS7006: Parameter 'cost' implicitly has an 'any' type.
resources/js/Pages/Admin/Business/RecurringCosts/Index.tsx(166,43): error TS7006: Parameter 'link' implicitly has an 'any' type.
resources/js/Pages/Admin/Business/RecurringCosts/Index.tsx(166,49): error TS7006: Parameter 'idx' implicitly has an 'any' type.
resources/js/Pages/Admin/Business/RecurringCosts/View.tsx(8,32): error TS7031: Binding element 'cost' implicitly has an 'any' type.
resources/js/Pages/Admin/Business/RecurringCosts/View.tsx(8,38): error TS7031: Binding element 'transactions' implicitly has an 'any' type.
resources/js/Pages/Admin/Business/RecurringCosts/View.tsx(8,52): error TS7031: Binding element 'upcomingSchedule' implicitly has an 'any' type.
resources/js/Pages/Admin/Business/RecurringCosts/View.tsx(8,70): error TS7031: Binding element 'total_stat' implicitly has an 'any' type.
resources/js/Pages/Admin/Business/RecurringIncome/Edit.tsx(9,32): error TS7031: Binding element 'income' implicitly has an 'any' type.
resources/js/Pages/Admin/Business/RecurringIncome/Edit.tsx(9,40): error TS7031: Binding element 'currencies' implicitly has an 'any' type.
resources/js/Pages/Admin/Business/RecurringIncome/Edit.tsx(9,52): error TS7031: Binding element 'categories' implicitly has an 'any' type.
resources/js/Pages/Admin/Business/RecurringIncome/Edit.tsx(31,27): error TS7006: Parameter 'e' implicitly has an 'any' type.
resources/js/Pages/Admin/Business/RecurringIncome/Index.tsx(19,33): error TS7031: Binding element 'incomes' implicitly has an 'any' type.
resources/js/Pages/Admin/Business/RecurringIncome/Index.tsx(19,42): error TS7031: Binding element 'currencies' implicitly has an 'any' type.
resources/js/Pages/Admin/Business/RecurringIncome/Index.tsx(19,54): error TS7031: Binding element 'categories' implicitly has an 'any' type.
resources/js/Pages/Admin/Business/RecurringIncome/Index.tsx(19,66): error TS7031: Binding element 'stats' implicitly has an 'any' type.
resources/js/Pages/Admin/Business/RecurringIncome/Index.tsx(44,27): error TS7006: Parameter 'e' implicitly has an 'any' type.
resources/js/Pages/Admin/Business/RecurringIncome/Index.tsx(70,27): error TS7006: Parameter 'id' implicitly has an 'any' type.
resources/js/Pages/Admin/Business/RecurringIncome/Index.tsx(76,43): error TS7006: Parameter 'id' implicitly has an 'any' type.
resources/js/Pages/Admin/Business/RecurringIncome/Index.tsx(82,29): error TS7006: Parameter 'income' implicitly has an 'any' type.
resources/js/Pages/Admin/Business/RecurringIncome/Index.tsx(325,44): error TS7006: Parameter 'income' implicitly has an 'any' type.
resources/js/Pages/Admin/Business/RecurringIncome/Index.tsx(386,45): error TS7006: Parameter 'link' implicitly has an 'any' type.
resources/js/Pages/Admin/Business/RecurringIncome/Index.tsx(386,51): error TS7006: Parameter 'idx' implicitly has an 'any' type.
resources/js/Pages/Admin/Business/RecurringIncome/View.tsx(8,32): error TS7031: Binding element 'income' implicitly has an 'any' type.
resources/js/Pages/Admin/Business/RecurringIncome/View.tsx(8,40): error TS7031: Binding element 'transactions' implicitly has an 'any' type.
resources/js/Pages/Admin/Business/RecurringIncome/View.tsx(8,54): error TS7031: Binding element 'upcomingSchedule' implicitly has an 'any' type.
resources/js/Pages/Admin/Business/RecurringIncome/View.tsx(8,72): error TS7031: Binding element 'total_stat' implicitly has an 'any' type.
resources/js/Pages/Admin/Business/RecurringSalaries/Edit.tsx(9,32): error TS7031: Binding element 'salary' implicitly has an 'any' type.
resources/js/Pages/Admin/Business/RecurringSalaries/Edit.tsx(9,40): error TS7031: Binding element 'currencies' implicitly has an 'any' type.
resources/js/Pages/Admin/Business/RecurringSalaries/Edit.tsx(9,52): error TS7031: Binding element 'users' implicitly has an 'any' type.
resources/js/Pages/Admin/Business/RecurringSalaries/Edit.tsx(25,73): error TS7006: Parameter 'val' implicitly has an 'any' type.
resources/js/Pages/Admin/Business/RecurringSalaries/Edit.tsx(29,27): error TS7006: Parameter 'e' implicitly has an 'any' type.
resources/js/Pages/Admin/Business/RecurringSalaries/Index.tsx(19,33): error TS7031: Binding element 'salaries' implicitly has an 'any' type.
resources/js/Pages/Admin/Business/RecurringSalaries/Index.tsx(19,43): error TS7031: Binding element 'currencies' implicitly has an 'any' type.
resources/js/Pages/Admin/Business/RecurringSalaries/Index.tsx(19,55): error TS7031: Binding element 'users' implicitly has an 'any' type.
resources/js/Pages/Admin/Business/RecurringSalaries/Index.tsx(43,27): error TS7006: Parameter 'e' implicitly has an 'any' type.
resources/js/Pages/Admin/Business/RecurringSalaries/Index.tsx(69,27): error TS7006: Parameter 'id' implicitly has an 'any' type.
resources/js/Pages/Admin/Business/RecurringSalaries/Index.tsx(76,29): error TS7006: Parameter 'salary' implicitly has an 'any' type.
resources/js/Pages/Admin/Business/RecurringSalaries/Index.tsx(290,45): error TS7006: Parameter 'salary' implicitly has an 'any' type.
resources/js/Pages/Admin/Business/RecurringSalaries/Index.tsx(358,46): error TS7006: Parameter 'link' implicitly has an 'any' type.
resources/js/Pages/Admin/Business/RecurringSalaries/Index.tsx(358,52): error TS7006: Parameter 'idx' implicitly has an 'any' type.
resources/js/Pages/Admin/Business/RecurringSalaries/View.tsx(8,32): error TS7031: Binding element 'salary' implicitly has an 'any' type.
resources/js/Pages/Admin/Business/RecurringSalaries/View.tsx(8,40): error TS7031: Binding element 'transactions' implicitly has an 'any' type.
resources/js/Pages/Admin/Business/RecurringSalaries/View.tsx(8,54): error TS7031: Binding element 'upcomingSchedule' implicitly has an 'any' type.
resources/js/Pages/Admin/Business/RecurringSalaries/View.tsx(8,72): error TS7031: Binding element 'total_stat' implicitly has an 'any' type.
resources/js/Pages/Admin/EmployeeTodos/Index.tsx(330,106): error TS2345: Argument of type 'string | null' is not assignable to parameter of type 'string'.
  Type 'null' is not assignable to type 'string'.
resources/js/Pages/Admin/EmployeeTodos/Index.tsx(343,104): error TS2345: Argument of type 'string | null' is not assignable to parameter of type 'string'.
  Type 'null' is not assignable to type 'string'.
resources/js/Pages/Admin/EmployeeTodos/Index.tsx(461,105): error TS2345: Argument of type 'string | null' is not assignable to parameter of type 'string'.
  Type 'null' is not assignable to type 'string'.
resources/js/Pages/Admin/EmployeeTodos/Index.tsx(476,107): error TS2345: Argument of type 'string | null' is not assignable to parameter of type 'string'.
  Type 'null' is not assignable to type 'string'.
resources/js/Pages/Admin/Freelance/Contracts/Index.tsx(26,79): error TS2554: Expected 1-2 arguments, but got 3.
resources/js/Pages/Admin/Freelance/Contracts/Index.tsx(26,155): error TS2554: Expected 1-2 arguments, but got 3.
resources/js/Pages/Admin/Freelance/Contracts/Index.tsx(32,94): error TS2554: Expected 1-2 arguments, but got 3.
resources/js/Pages/Admin/Freelance/Contracts/Index.tsx(41,83): error TS2554: Expected 1-2 arguments, but got 3.
resources/js/Pages/Admin/Freelance/Contracts/Index.tsx(42,89): error TS2554: Expected 1-2 arguments, but got 3.
resources/js/Pages/Admin/Freelance/Contracts/Index.tsx(43,89): error TS2554: Expected 1-2 arguments, but got 3.
resources/js/Pages/Admin/Freelance/Contracts/Index.tsx(44,87): error TS2554: Expected 1-2 arguments, but got 3.
resources/js/Pages/Admin/Freelance/Contracts/Index.tsx(61,114): error TS2554: Expected 1-2 arguments, but got 3.
resources/js/Pages/Admin/Freelance/Contracts/Index.tsx(62,110): error TS2554: Expected 1-2 arguments, but got 3.
resources/js/Pages/Admin/Freelance/Contracts/Index.tsx(75,120): error TS2554: Expected 1-2 arguments, but got 3.
resources/js/Pages/Admin/Freelance/Contracts/Index.tsx(127,84): error TS2554: Expected 1-2 arguments, but got 3.
resources/js/Pages/Admin/Freelance/Contracts/Show.tsx(33,83): error TS2554: Expected 1-2 arguments, but got 3.
resources/js/Pages/Admin/Freelance/Contracts/Show.tsx(38,68): error TS2554: Expected 1-2 arguments, but got 3.
resources/js/Pages/Admin/Freelance/Contracts/Show.tsx(47,77): error TS2554: Expected 1-2 arguments, but got 3.
resources/js/Pages/Admin/Freelance/Contracts/Show.tsx(50,79): error TS2554: Expected 1-2 arguments, but got 3.
resources/js/Pages/Admin/Freelance/Contracts/Show.tsx(55,80): error TS2554: Expected 1-2 arguments, but got 3.
resources/js/Pages/Admin/Freelance/Contracts/Show.tsx(65,120): error TS2554: Expected 1-2 arguments, but got 3.
resources/js/Pages/Admin/Freelance/Contracts/Show.tsx(70,115): error TS2554: Expected 1-2 arguments, but got 3.
resources/js/Pages/Admin/Freelance/Contracts/Show.tsx(72,148): error TS2554: Expected 1-2 arguments, but got 3.
resources/js/Pages/Admin/Freelance/Contracts/Show.tsx(76,115): error TS2554: Expected 1-2 arguments, but got 3.
resources/js/Pages/Admin/Freelance/Contracts/Show.tsx(82,117): error TS2554: Expected 1-2 arguments, but got 3.
resources/js/Pages/Admin/Freelance/Contracts/Show.tsx(84,154): error TS2554: Expected 1-2 arguments, but got 3.
resources/js/Pages/Admin/Freelance/Contracts/Show.tsx(91,134): error TS2554: Expected 1-2 arguments, but got 3.
resources/js/Pages/Admin/Freelance/Contracts/Show.tsx(93,115): error TS2554: Expected 1-2 arguments, but got 3.
resources/js/Pages/Admin/Freelance/Contracts/Show.tsx(103,80): error TS2554: Expected 1-2 arguments, but got 3.
resources/js/Pages/Admin/Freelance/Contracts/Show.tsx(106,81): error TS2554: Expected 1-2 arguments, but got 3.
resources/js/Pages/Admin/Freelance/Contracts/Show.tsx(116,83): error TS2554: Expected 1-2 arguments, but got 3.
resources/js/Pages/Admin/Freelance/Contracts/Show.tsx(125,77): error TS2554: Expected 1-2 arguments, but got 3.
resources/js/Pages/Admin/Freelance/Contracts/Show.tsx(134,84): error TS2554: Expected 1-2 arguments, but got 3.
resources/js/Pages/Admin/Freelance/Contracts/Show.tsx(143,121): error TS2554: Expected 1-2 arguments, but got 3.
resources/js/Pages/Admin/Freelance/Contracts/Show.tsx(161,113): error TS2554: Expected 1-2 arguments, but got 3.
resources/js/Pages/Admin/Freelance/Contracts/Show.tsx(180,113): error TS2554: Expected 1-2 arguments, but got 3.
resources/js/Pages/Admin/Freelance/Contracts/Show.tsx(198,87): error TS2554: Expected 1-2 arguments, but got 3.
resources/js/Pages/Admin/Freelance/Contracts/Show.tsx(209,89): error TS2554: Expected 1-2 arguments, but got 3.
resources/js/Pages/Admin/Freelance/Contracts/Show.tsx(219,79): error TS2554: Expected 1-2 arguments, but got 3.
resources/js/Pages/Admin/Freelance/Contracts/Show.tsx(229,78): error TS2554: Expected 1-2 arguments, but got 3.
resources/js/Pages/Admin/Freelance/Jobs/Create.tsx(46,67): error TS2345: Argument of type 'string' is not assignable to parameter of type 'Record<string, string | number>'.
resources/js/Pages/Admin/Freelance/Jobs/Create.tsx(59,81): error TS2345: Argument of type 'string' is not assignable to parameter of type 'Record<string, string | number>'.
resources/js/Pages/Admin/Freelance/Jobs/Create.tsx(64,92): error TS2345: Argument of type 'string' is not assignable to parameter of type 'Record<string, string | number>'.
resources/js/Pages/Admin/Freelance/Jobs/Create.tsx(68,107): error TS2345: Argument of type 'string' is not assignable to parameter of type 'Record<string, string | number>'.
resources/js/Pages/Admin/Freelance/Jobs/Create.tsx(80,92): error TS2345: Argument of type 'string' is not assignable to parameter of type 'Record<string, string | number>'.
resources/js/Pages/Admin/Freelance/Jobs/Create.tsx(127,91): error TS2345: Argument of type 'string' is not assignable to parameter of type 'Record<string, string | number>'.
resources/js/Pages/Admin/Freelance/Jobs/Create.tsx(141,98): error TS2345: Argument of type 'string' is not assignable to parameter of type 'Record<string, string | number>'.
resources/js/Pages/Admin/Freelance/Jobs/Index.tsx(50,13): error TS2322: Type '{ children: any[]; title: string; header: string; actions: Element; }' is not assignable to type 'IntrinsicAttributes & AdminSidebarLayoutProps'.
  Property 'actions' does not exist on type 'IntrinsicAttributes & AdminSidebarLayoutProps'.
resources/js/Pages/Admin/Freelance/Jobs/Show.tsx(134,60): error TS2345: Argument of type 'string' is not assignable to parameter of type 'Record<string, string | number>'.
resources/js/Pages/Admin/Freelance/Jobs/Show.tsx(153,84): error TS2345: Argument of type 'string' is not assignable to parameter of type 'Record<string, string | number>'.
resources/js/Pages/Admin/Freelance/Jobs/Show.tsx(161,102): error TS2345: Argument of type 'string' is not assignable to parameter of type 'Record<string, string | number>'.
resources/js/Pages/Admin/Freelance/Proposals/Index.tsx(26,79): error TS2554: Expected 1-2 arguments, but got 3.
resources/js/Pages/Admin/Freelance/Proposals/Index.tsx(26,155): error TS2554: Expected 1-2 arguments, but got 3.
resources/js/Pages/Admin/Freelance/Proposals/Index.tsx(32,94): error TS2554: Expected 1-2 arguments, but got 3.
resources/js/Pages/Admin/Freelance/Proposals/Index.tsx(41,85): error TS2554: Expected 1-2 arguments, but got 3.
resources/js/Pages/Admin/Freelance/Proposals/Index.tsx(42,87): error TS2554: Expected 1-2 arguments, but got 3.
resources/js/Pages/Admin/Freelance/Proposals/Index.tsx(43,87): error TS2554: Expected 1-2 arguments, but got 3.
resources/js/Pages/Admin/Freelance/Proposals/Index.tsx(44,89): error TS2554: Expected 1-2 arguments, but got 3.
resources/js/Pages/Admin/Freelance/Proposals/Index.tsx(61,114): error TS2554: Expected 1-2 arguments, but got 3.
resources/js/Pages/Admin/Freelance/Proposals/Index.tsx(63,116): error TS2554: Expected 1-2 arguments, but got 3.
resources/js/Pages/Admin/Freelance/Proposals/Index.tsx(76,120): error TS2554: Expected 1-2 arguments, but got 3.
resources/js/Pages/Admin/Freelance/Proposals/Index.tsx(108,101): error TS2554: Expected 1-2 arguments, but got 3.
resources/js/Pages/Admin/Freelance/Proposals/Index.tsx(124,84): error TS2554: Expected 1-2 arguments, but got 3.
resources/js/Pages/Admin/Freelance/Proposals/Show.tsx(17,80): error TS2554: Expected 1-2 arguments, but got 3.
resources/js/Pages/Admin/Freelance/Proposals/Show.tsx(17,153): error TS2554: Expected 1-2 arguments, but got 3.
resources/js/Pages/Admin/Freelance/Proposals/Show.tsx(20,101): error TS2554: Expected 1-2 arguments, but got 3.
resources/js/Pages/Admin/Freelance/Proposals/Show.tsx(30,69): error TS2554: Expected 1-2 arguments, but got 3.
resources/js/Pages/Admin/Freelance/Proposals/Show.tsx(33,112): error TS2554: Expected 1-2 arguments, but got 3.
resources/js/Pages/Admin/Freelance/Proposals/Show.tsx(36,105): error TS2554: Expected 1-2 arguments, but got 3.
resources/js/Pages/Admin/Freelance/Proposals/Show.tsx(47,95): error TS2554: Expected 1-2 arguments, but got 3.
resources/js/Pages/Admin/Freelance/Proposals/Show.tsx(61,109): error TS2554: Expected 1-2 arguments, but got 3.
resources/js/Pages/Admin/Freelance/Proposals/Show.tsx(66,142): error TS2554: Expected 1-2 arguments, but got 3.
resources/js/Pages/Admin/Freelance/Proposals/Show.tsx(68,109): error TS2554: Expected 1-2 arguments, but got 3.
resources/js/Pages/Admin/Freelance/Proposals/Show.tsx(68,206): error TS2554: Expected 1-2 arguments, but got 3.
resources/js/Pages/Admin/Freelance/Proposals/Show.tsx(73,115): error TS2554: Expected 1-2 arguments, but got 3.
resources/js/Pages/Admin/Freelance/Proposals/Show.tsx(75,134): error TS2554: Expected 1-2 arguments, but got 3.
resources/js/Pages/Admin/Freelance/Skills/Index.tsx(95,78): error TS2554: Expected 1-2 arguments, but got 3.
resources/js/Pages/Admin/Freelance/Skills/Index.tsx(105,95): error TS2554: Expected 1-2 arguments, but got 3.
resources/js/Pages/Admin/Freelance/Skills/Index.tsx(116,76): error TS2554: Expected 1-2 arguments, but got 3.
resources/js/Pages/Admin/Freelance/Skills/Index.tsx(116,146): error TS2554: Expected 1-2 arguments, but got 3.
resources/js/Pages/Admin/Freelance/Skills/Index.tsx(122,79): error TS2554: Expected 1-2 arguments, but got 3.
resources/js/Pages/Admin/Freelance/Skills/Index.tsx(135,74): error TS2554: Expected 1-2 arguments, but got 3.
resources/js/Pages/Admin/Freelance/Skills/Index.tsx(139,87): error TS2554: Expected 1-2 arguments, but got 3.
resources/js/Pages/Admin/Freelance/Skills/Index.tsx(147,94): error TS2554: Expected 1-2 arguments, but got 3.
resources/js/Pages/Admin/Freelance/Skills/Index.tsx(159,114): error TS2554: Expected 1-2 arguments, but got 3.
resources/js/Pages/Admin/Freelance/Skills/Index.tsx(162,114): error TS2554: Expected 1-2 arguments, but got 3.
resources/js/Pages/Admin/Freelance/Skills/Index.tsx(182,109): error TS2554: Expected 1-2 arguments, but got 3.
resources/js/Pages/Admin/Freelance/Skills/Index.tsx(199,105): error TS2554: Expected 1-2 arguments, but got 3.
resources/js/Pages/Admin/Freelance/Skills/Index.tsx(203,105): error TS2554: Expected 1-2 arguments, but got 3.
resources/js/Pages/Admin/Freelance/Skills/Index.tsx(215,105): error TS2554: Expected 1-2 arguments, but got 3.
resources/js/Pages/Admin/Freelance/Skills/Index.tsx(232,81): error TS2554: Expected 1-2 arguments, but got 3.
resources/js/Pages/Admin/Freelance/Skills/Index.tsx(262,77): error TS2554: Expected 1-2 arguments, but got 3.
resources/js/Pages/Admin/Invoices/Index.tsx(68,33): error TS7031: Binding element 'invoices' implicitly has an 'any' type.
resources/js/Pages/Admin/Invoices/Index.tsx(68,43): error TS7031: Binding element 'currentTab' implicitly has an 'any' type.
resources/js/Pages/Admin/Invoices/Index.tsx(68,69): error TS7031: Binding element 'stats' implicitly has an 'any' type.
resources/js/Pages/Admin/Invoices/Index.tsx(72,64): error TS2339: Property 'search' does not exist on type '{}'.
resources/js/Pages/Admin/Invoices/Index.tsx(73,60): error TS2339: Property 'filter_by' does not exist on type '{}'.
resources/js/Pages/Admin/Invoices/Index.tsx(74,58): error TS2339: Property 'per_page' does not exist on type '{}'.
resources/js/Pages/Admin/Invoices/Index.tsx(86,35): error TS7006: Parameter 'inv' implicitly has an 'any' type.
resources/js/Pages/Admin/Invoices/Index.tsx(87,17): error TS7053: Element implicitly has an 'any' type because expression of type 'any' can't be used to index type '{}'.
resources/js/Pages/Admin/Invoices/Index.tsx(95,34): error TS7006: Parameter 'id' implicitly has an 'any' type.
resources/js/Pages/Admin/Invoices/Index.tsx(95,38): error TS7006: Parameter 'checked' implicitly has an 'any' type.
resources/js/Pages/Admin/Invoices/Index.tsx(108,28): error TS7006: Parameter 'id' implicitly has an 'any' type.
resources/js/Pages/Admin/Invoices/Index.tsx(112,34): error TS7006: Parameter 'id' implicitly has an 'any' type.
resources/js/Pages/Admin/Invoices/Index.tsx(116,29): error TS7006: Parameter 'id' implicitly has an 'any' type.
resources/js/Pages/Admin/Invoices/Index.tsx(122,27): error TS7006: Parameter 'id' implicitly has an 'any' type.
resources/js/Pages/Admin/Invoices/Index.tsx(131,79): error TS2339: Property 'id' does not exist on type 'never'.
resources/js/Pages/Admin/Invoices/Index.tsx(142,72): error TS7053: Element implicitly has an 'any' type because expression of type 'string' can't be used to index type '{}'.
  No index signature with a parameter of type 'string' was found on type '{}'.
resources/js/Pages/Admin/Invoices/Index.tsx(158,13): error TS7053: Element implicitly has an 'any' type because expression of type 'string' can't be used to index type '{ convert_to_transaction: string; delete: string; send_whatsapp_reminder: string; }'.
  No index signature with a parameter of type 'string' was found on type '{ convert_to_transaction: string; delete: string; send_whatsapp_reminder: string; }'.
resources/js/Pages/Admin/Invoices/Index.tsx(159,26): error TS7053: Element implicitly has an 'any' type because expression of type 'string' can't be used to index type '{ convert_to_transaction: string; delete: string; send_whatsapp_reminder: string; }'.
  No index signature with a parameter of type 'string' was found on type '{ convert_to_transaction: string; delete: string; send_whatsapp_reminder: string; }'.
resources/js/Pages/Admin/Invoices/Index.tsx(179,29): error TS7006: Parameter 'status' implicitly has an 'any' type.
resources/js/Pages/Admin/Invoices/Index.tsx(193,32): error TS7006: Parameter 'status' implicitly has an 'any' type.
resources/js/Pages/Admin/Invoices/Index.tsx(204,26): error TS7006: Parameter 'tab' implicitly has an 'any' type.
resources/js/Pages/Admin/Invoices/Index.tsx(267,34): error TS2339: Property 'client_id' does not exist on type '{}'.
resources/js/Pages/Admin/Invoices/Index.tsx(268,78): error TS2339: Property 'client_id' does not exist on type '{}'.
resources/js/Pages/Admin/Invoices/Index.tsx(268,98): error TS2339: Property 'project_id' does not exist on type '{}'.
resources/js/Pages/Admin/Invoices/Index.tsx(268,134): error TS2339: Property 'project_id' does not exist on type '{}'.
resources/js/Pages/Admin/Invoices/Index.tsx(340,53): error TS7006: Parameter 'invoice' implicitly has an 'any' type.
resources/js/Pages/Admin/Invoices/Index.tsx(346,60): error TS7053: Element implicitly has an 'any' type because expression of type 'any' can't be used to index type '{}'.
resources/js/Pages/Admin/Invoices/Index.tsx(490,43): error TS2339: Property 'client_id' does not exist on type '{}'.
resources/js/Pages/Admin/Invoices/Index.tsx(490,64): error TS2339: Property 'search' does not exist on type '{}'.
resources/js/Pages/Admin/Invoices/Index.tsx(490,103): error TS2339: Property 'search' does not exist on type '{}'.
resources/js/Pages/Admin/Invoices/Index.tsx(500,71): error TS7006: Parameter 'sum' implicitly has an 'any' type.
resources/js/Pages/Admin/Invoices/Index.tsx(500,76): error TS7006: Parameter 'inv' implicitly has an 'any' type.
resources/js/Pages/Admin/Invoices/Index.tsx(525,98): error TS2345: Argument of type 'string | null' is not assignable to parameter of type 'SetStateAction<string>'.
  Type 'null' is not assignable to type 'SetStateAction<string>'.
resources/js/Pages/Admin/Invoices/Index.tsx(544,87): error TS2339: Property 'id' does not exist on type 'never'.
resources/js/Pages/Admin/Invoices/Index.tsx(544,101): error TS2339: Property 'project_name' does not exist on type 'never'.
resources/js/Pages/Admin/Invoices/Index.tsx(579,14): error TS2741: Property 'onChangeRole' is missing in type '{ client: null; isOpen: boolean; onClose: () => void; onLoginAs: (id: any) => void; onResetPassword: (id: any) => void; }' but required in type '{ client: any; isOpen: any; onClose: any; onLoginAs: any; onResetPassword: any; onChangeRole: any; }'.
resources/js/Pages/Admin/Invoices/Index.tsx(594,54): error TS2322: Type 'Dispatch<SetStateAction<string>>' is not assignable to type '(value: string | null, eventDetails: SelectRootChangeEventDetails) => void'.
  Types of parameters 'value' and 'value' are incompatible.
    Type 'string | null' is not assignable to type 'SetStateAction<string>'.
      Type 'null' is not assignable to type 'SetStateAction<string>'.
resources/js/Pages/Admin/Invoices/Show.tsx(165,34): error TS2345: Argument of type 'number' is not assignable to parameter of type 'string'.
resources/js/Pages/Admin/Invoices/Show.tsx(223,86): error TS2345: Argument of type 'number' is not assignable to parameter of type 'string'.
resources/js/Pages/Admin/Invoices/Show.tsx(645,65): error TS2345: Argument of type 'string' is not assignable to parameter of type 'SetStateAction<number>'.
resources/js/Pages/Admin/Invoices/Show.tsx(663,65): error TS2345: Argument of type 'string' is not assignable to parameter of type 'SetStateAction<number>'.
resources/js/Pages/Admin/Invoices/TimerDetails.tsx(170,13): error TS2322: Type 'Timer[]' is not assignable to type 'FormDataConvertible'.
  Type 'Timer[]' is not assignable to type 'FormDataConvertible[]'.
    Type 'Timer' is not assignable to type 'FormDataConvertible'.
      Type 'Timer' is not assignable to type '{ [key: string]: FormDataConvertible; }'.
        Index signature for type 'string' is missing in type 'Timer'.
resources/js/Pages/Admin/Marketplace/All.tsx(164,46): error TS2339: Property 'type' does not exist on type 'ConfirmAction'.
resources/js/Pages/Admin/Marketplace/All.tsx(497,92): error TS2322: Type '"MMM D, YYYY"' is not assignable to type '"both" | "relative" | "short" | "full" | "datetime" | undefined'.
resources/js/Pages/Admin/Marketplace/Edit.tsx(133,107): error TS2345: Argument of type 'string | null' is not assignable to parameter of type 'string'.
  Type 'null' is not assignable to type 'string'.
resources/js/Pages/Admin/Marketplace/Edit.tsx(149,117): error TS2345: Argument of type 'string | null' is not assignable to parameter of type 'string'.
  Type 'null' is not assignable to type 'string'.
resources/js/Pages/Admin/Marketplace/Orders/Index.tsx(7,33): error TS7031: Binding element 'orders' implicitly has an 'any' type.
resources/js/Pages/Admin/Marketplace/Orders/Index.tsx(10,29): error TS7006: Parameter 'status' implicitly has an 'any' type.
resources/js/Pages/Admin/Marketplace/Orders/Index.tsx(12,45): error TS2322: Type '"success"' is not assignable to type '"link" | "default" | "destructive" | "outline" | "secondary" | "ghost" | null | undefined'.
resources/js/Pages/Admin/Marketplace/Orders/Index.tsx(36,43): error TS7006: Parameter 'order' implicitly has an 'any' type.
resources/js/Pages/Admin/Marketplace/Orders/Index.tsx(62,37): error TS2322: Type 'string' is not assignable to type 'number'.
resources/js/Pages/Admin/Marketplace/Orders/Show.tsx(9,32): error TS7031: Binding element 'order' implicitly has an 'any' type.
resources/js/Pages/Admin/Marketplace/Orders/Show.tsx(16,27): error TS7006: Parameter 'actionType' implicitly has an 'any' type.
resources/js/Pages/Admin/Marketplace/Orders/Show.tsx(22,13): error TS2353: Object literal may only specify known properties, and 'data' does not exist in type 'UseFormSubmitOptions'.
resources/js/Pages/Admin/Marketplace/Pending.tsx(119,103): error TS2322: Type '"MMM D, YYYY"' is not assignable to type '"both" | "relative" | "short" | "full" | "datetime" | undefined'.
resources/js/Pages/Admin/Plans/Index.tsx(17,33): error TS7031: Binding element 'users' implicitly has an 'any' type.
resources/js/Pages/Admin/Plans/Index.tsx(17,40): error TS7031: Binding element 'business_currency' implicitly has an 'any' type.
resources/js/Pages/Admin/Plans/Index.tsx(36,46): error TS7006: Parameter 'user' implicitly has an 'any' type.
resources/js/Pages/Admin/Plans/Index.tsx(79,115): error TS2339: Property 'name' does not exist on type 'never'.
resources/js/Pages/Admin/Plans/Index.tsx(82,68): error TS2339: Property 'services' does not exist on type 'never'.
resources/js/Pages/Admin/Plans/Index.tsx(82,82): error TS7006: Parameter 'service' implicitly has an 'any' type.
resources/js/Pages/Admin/Plans/Index.tsx(103,68): error TS2339: Property 'services' does not exist on type 'never'.
resources/js/Pages/Admin/Projects/Index.tsx(20,33): error TS7031: Binding element 'projects' implicitly has an 'any' type.
resources/js/Pages/Admin/Projects/Index.tsx(20,43): error TS7031: Binding element 'clients' implicitly has an 'any' type.
resources/js/Pages/Admin/Projects/Index.tsx(20,52): error TS7031: Binding element 'currentTab' implicitly has an 'any' type.
resources/js/Pages/Admin/Projects/Index.tsx(29,31): error TS7006: Parameter 'project' implicitly has an 'any' type.
resources/js/Pages/Admin/Projects/Index.tsx(34,33): error TS7006: Parameter 'e' implicitly has an 'any' type.
resources/js/Pages/Admin/Projects/Index.tsx(44,31): error TS7006: Parameter 'e' implicitly has an 'any' type.
resources/js/Pages/Admin/Projects/Index.tsx(46,51): error TS18047: 'editingProject' is possibly 'null'.
resources/js/Pages/Admin/Projects/Index.tsx(55,28): error TS7006: Parameter 'project' implicitly has an 'any' type.
resources/js/Pages/Admin/Projects/Index.tsx(65,28): error TS7006: Parameter 'id' implicitly has an 'any' type.
resources/js/Pages/Admin/Projects/Index.tsx(71,28): error TS7006: Parameter 'id' implicitly has an 'any' type.
resources/js/Pages/Admin/Projects/Index.tsx(77,27): error TS7006: Parameter 'id' implicitly has an 'any' type.
resources/js/Pages/Admin/Projects/Index.tsx(115,51): error TS7006: Parameter 'client' implicitly has an 'any' type.
resources/js/Pages/Admin/Projects/Index.tsx(164,40): error TS7006: Parameter 'project' implicitly has an 'any' type.
resources/js/Pages/Admin/Projects/Index.tsx(223,37): error TS2322: Type 'string' is not assignable to type 'number'.
resources/js/Pages/Admin/Projects/Index.tsx(270,26): error TS7006: Parameter 'proj' implicitly has an 'any' type.
resources/js/Pages/Admin/SerialDevices/Index.tsx(591,102): error TS2345: Argument of type 'string | null' is not assignable to parameter of type 'SetStateAction<string>'.
  Type 'null' is not assignable to type 'SetStateAction<string>'.
resources/js/Pages/Admin/Tickets/Index.tsx(152,81): error TS2322: Type '{ className: string; title: string; }' is not assignable to type 'IntrinsicAttributes & Omit<LucideProps, "ref"> & RefAttributes<SVGSVGElement>'.
  Property 'title' does not exist on type 'IntrinsicAttributes & Omit<LucideProps, "ref"> & RefAttributes<SVGSVGElement>'.
resources/js/Pages/Admin/Tickets/Show.tsx(152,79): error TS2339: Property 'data' does not exist on type 'never'.
resources/js/Pages/Admin/Tickets/Show.tsx(160,47): error TS2561: Object literal may only specify known properties, but 'preserveScroll' does not exist in type 'ReloadOptions<RequestPayload>'. Did you mean to write 'preserveUrl'?
resources/js/Pages/Admin/Tickets/Show.tsx(346,40): error TS7006: Parameter 'msg' implicitly has an 'any' type.
resources/js/Pages/Admin/Transactions/Components/TransactionEntryForm.tsx(187,70): error TS2322: Type 'Dispatch<SetStateAction<string>>' is not assignable to type '(value: string | null, eventDetails: SelectRootChangeEventDetails) => void'.
  Types of parameters 'value' and 'value' are incompatible.
    Type 'string | null' is not assignable to type 'SetStateAction<string>'.
      Type 'null' is not assignable to type 'SetStateAction<string>'.
resources/js/Pages/Admin/Transactions/Components/TransactionEntryForm.tsx(343,49): error TS2322: Type 'string | null' is not assignable to type 'string'.
  Type 'null' is not assignable to type 'string'.
resources/js/Pages/Admin/Transactions/Cost.tsx(10,32): error TS7031: Binding element 'transactions' implicitly has an 'any' type.
resources/js/Pages/Admin/Transactions/Cost.tsx(10,46): error TS7031: Binding element 'filters' implicitly has an 'any' type.
resources/js/Pages/Admin/Transactions/Cost.tsx(11,27): error TS7006: Parameter 'search' implicitly has an 'any' type.
resources/js/Pages/Admin/Transactions/Cost.tsx(19,25): error TS7006: Parameter 'key' implicitly has an 'any' type.
resources/js/Pages/Admin/Transactions/Cost.tsx(34,22): error TS7006: Parameter 'tx' implicitly has an 'any' type.
resources/js/Pages/Admin/Transactions/Cost.tsx(39,22): error TS7006: Parameter 'tx' implicitly has an 'any' type.
resources/js/Pages/Admin/Transactions/Cost.tsx(49,22): error TS7006: Parameter 'tx' implicitly has an 'any' type.
resources/js/Pages/Admin/Transactions/Cost.tsx(57,22): error TS7006: Parameter 'tx' implicitly has an 'any' type.
resources/js/Pages/Admin/Transactions/Cost.tsx(67,22): error TS7006: Parameter 'tx' implicitly has an 'any' type.
resources/js/Pages/Admin/Transactions/Cost.tsx(76,22): error TS7006: Parameter 'tx' implicitly has an 'any' type.
resources/js/Pages/Admin/Transactions/Cost.tsx(82,22): error TS7006: Parameter 'tx' implicitly has an 'any' type.
resources/js/Pages/Admin/Transactions/Income.tsx(8,32): error TS2307: Cannot find module 'react-i18next' or its corresponding type declarations.
resources/js/Pages/Admin/Transactions/Income.tsx(11,34): error TS7031: Binding element 'transactions' implicitly has an 'any' type.
resources/js/Pages/Admin/Transactions/Income.tsx(11,48): error TS7031: Binding element 'filters' implicitly has an 'any' type.
resources/js/Pages/Admin/Transactions/Income.tsx(12,27): error TS7006: Parameter 'search' implicitly has an 'any' type.
resources/js/Pages/Admin/Transactions/Income.tsx(20,25): error TS7006: Parameter 'key' implicitly has an 'any' type.
resources/js/Pages/Admin/Transactions/Income.tsx(35,22): error TS7006: Parameter 'tx' implicitly has an 'any' type.
resources/js/Pages/Admin/Transactions/Income.tsx(40,22): error TS7006: Parameter 'tx' implicitly has an 'any' type.
resources/js/Pages/Admin/Transactions/Income.tsx(50,22): error TS7006: Parameter 'tx' implicitly has an 'any' type.
resources/js/Pages/Admin/Transactions/Income.tsx(57,22): error TS7006: Parameter 'tx' implicitly has an 'any' type.
resources/js/Pages/Admin/Transactions/Income.tsx(67,22): error TS7006: Parameter 'tx' implicitly has an 'any' type.
resources/js/Pages/Admin/Transactions/Income.tsx(77,22): error TS7006: Parameter 'tx' implicitly has an 'any' type.
resources/js/Pages/Admin/Transactions/Income.tsx(86,22): error TS7006: Parameter 'tx' implicitly has an 'any' type.
resources/js/Pages/Admin/Transactions/Income.tsx(92,22): error TS7006: Parameter 'tx' implicitly has an 'any' type.
resources/js/Pages/Admin/Transactions/Index.tsx(6,33): error TS7031: Binding element 'filters' implicitly has an 'any' type.
resources/js/Pages/Admin/Transactions/Revenue.tsx(10,35): error TS7031: Binding element 'income' implicitly has an 'any' type.
resources/js/Pages/Admin/Transactions/Revenue.tsx(10,43): error TS7031: Binding element 'cost' implicitly has an 'any' type.
resources/js/Pages/Admin/Transactions/Revenue.tsx(10,49): error TS7031: Binding element 'filters' implicitly has an 'any' type.
resources/js/Pages/Admin/Transactions/Revenue.tsx(10,58): error TS7031: Binding element 'businessCurrency' implicitly has an 'any' type.
resources/js/Pages/Admin/Transactions/Revenue.tsx(11,27): error TS7006: Parameter 'search' implicitly has an 'any' type.
resources/js/Pages/Admin/Transactions/Revenue.tsx(19,25): error TS7006: Parameter 'key' implicitly has an 'any' type.
resources/js/Pages/Admin/Transactions/Revenue.tsx(32,22): error TS7006: Parameter 'tx' implicitly has an 'any' type.
resources/js/Pages/Admin/Transactions/Revenue.tsx(37,22): error TS7006: Parameter 'tx' implicitly has an 'any' type.
resources/js/Pages/Admin/Transactions/Revenue.tsx(43,22): error TS7006: Parameter 'tx' implicitly has an 'any' type.
resources/js/Pages/Admin/Transactions/Revenue.tsx(55,22): error TS7006: Parameter 'tx' implicitly has an 'any' type.
resources/js/Pages/Admin/Transactions/Revenue.tsx(60,22): error TS7006: Parameter 'tx' implicitly has an 'any' type.
resources/js/Pages/Admin/Transactions/Revenue.tsx(66,22): error TS7006: Parameter 'tx' implicitly has an 'any' type.
resources/js/Pages/Admin/Vouchers/Index.tsx(34,33): error TS7031: Binding element 'vouchers' implicitly has an 'any' type.
resources/js/Pages/Admin/Vouchers/Index.tsx(45,33): error TS7006: Parameter 'e' implicitly has an 'any' type.
resources/js/Pages/Admin/Vouchers/Index.tsx(55,31): error TS7006: Parameter 'e' implicitly has an 'any' type.
resources/js/Pages/Admin/Vouchers/Index.tsx(57,51): error TS18047: 'editingVoucher' is possibly 'null'.
resources/js/Pages/Admin/Vouchers/Index.tsx(66,28): error TS7006: Parameter 'voucher' implicitly has an 'any' type.
resources/js/Pages/Admin/Vouchers/Index.tsx(87,27): error TS7006: Parameter 'id' implicitly has an 'any' type.
resources/js/Pages/Admin/Vouchers/Index.tsx(330,37): error TS7006: Parameter 'v' implicitly has an 'any' type.
resources/js/Pages/Admin/Vouchers/Index.tsx(401,42): error TS7006: Parameter 'link' implicitly has an 'any' type.
resources/js/Pages/Admin/Vouchers/Index.tsx(401,48): error TS7006: Parameter 'i' implicitly has an 'any' type.
resources/js/Pages/Admin/WithdrawRequests/Index.tsx(59,27): error TS7053: Element implicitly has an 'any' type because expression of type '"sort"' can't be used to index type '{ status?: string | undefined; }'.
  Property 'sort' does not exist on type '{ status?: string | undefined; }'.
resources/js/Pages/Admin/WithdrawRequests/Index.tsx(59,54): error TS7053: Element implicitly has an 'any' type because expression of type '"direction"' can't be used to index type '{ status?: string | undefined; }'.
  Property 'direction' does not exist on type '{ status?: string | undefined; }'.
resources/js/Pages/AffiliatePos/Admin/Orders/Index.tsx(137,110): error TS2345: Argument of type 'unknown' is not assignable to parameter of type 'string'.
resources/js/Pages/AffiliatePos/Admin/Orders/Show.tsx(50,72): error TS2345: Argument of type 'unknown' is not assignable to parameter of type 'string'.
resources/js/Pages/AffiliatePos/Admin/Payouts/Index.tsx(17,17): error TS2353: Object literal may only specify known properties, and 'data' does not exist in type 'UseFormSubmitOptions'.
resources/js/Pages/Auth/OnboardingWizard.tsx(110,27): error TS2339: Property 'preferred_currency' does not exist on type '{ country: string; city: string; mobile_1: string; mobile_2: string; telegram_username: string; }'.
resources/js/Pages/Booking/Create.tsx(44,62): error TS2304: Cannot find name 'Calendar'.
resources/js/Pages/Booking/Create.tsx(45,68): error TS2552: Cannot find name 'Clock'. Did you mean 'Lock'?
resources/js/Pages/Booking/Create.tsx(46,61): error TS2304: Cannot find name 'Calendar'.
resources/js/Pages/Booking/Create.tsx(47,62): error TS2304: Cannot find name 'Users'.
resources/js/Pages/Booking/Create.tsx(48,64): error TS2304: Cannot find name 'CalendarOff'.
resources/js/Pages/Booking/Dashboard.tsx(73,131): error TS2322: Type '{ amount: number; currency: any; hideSymbol: boolean; }' is not assignable to type 'IntrinsicAttributes & CurrencyDisplayProps'.
  Property 'hideSymbol' does not exist on type 'IntrinsicAttributes & CurrencyDisplayProps'.
resources/js/Pages/Booking/Edit.tsx(53,62): error TS2304: Cannot find name 'Calendar'.
resources/js/Pages/Booking/Edit.tsx(54,68): error TS2552: Cannot find name 'Clock'. Did you mean 'Lock'?
resources/js/Pages/Booking/Edit.tsx(55,61): error TS2304: Cannot find name 'Calendar'.
resources/js/Pages/Booking/Edit.tsx(56,62): error TS2304: Cannot find name 'Users'.
resources/js/Pages/Booking/Edit.tsx(57,64): error TS2304: Cannot find name 'CalendarOff'.
resources/js/Pages/Booking/Exceptions.tsx(82,106): error TS2345: Argument of type 'string | null' is not assignable to parameter of type 'string'.
  Type 'null' is not assignable to type 'string'.
resources/js/Pages/Booking/Providers.tsx(121,38): error TS2339: Property 'id' does not exist on type 'InertiaFormProps<{ id: number | null; name: string; email: string; phone: string; specialty: string; description: string; is_active: boolean; event_type_ids: number[]; }>'.
resources/js/Pages/Booking/Providers.tsx(122,75): error TS2339: Property 'id' does not exist on type 'InertiaFormProps<{ id: number | null; name: string; email: string; phone: string; specialty: string; description: string; is_active: boolean; event_type_ids: number[]; }>'.
resources/js/Pages/Booking/Providers.tsx(159,17): error TS7053: Element implicitly has an 'any' type because expression of type 'any' can't be used to index type '{ 1: { is_enabled: boolean; shifts: { start_time: string; end_time: string; }[]; }; 2: { is_enabled: boolean; shifts: { start_time: string; end_time: string; }[]; }; 3: { is_enabled: boolean; shifts: { start_time: string; end_time: string; }[]; }; 4: { ...; }; 5: { ...; }; 6: { ...; }; 0: { ...; }; }'.
resources/js/Pages/Booking/Providers.tsx(160,17): error TS7053: Element implicitly has an 'any' type because expression of type 'any' can't be used to index type '{ 1: { is_enabled: boolean; shifts: { start_time: string; end_time: string; }[]; }; 2: { is_enabled: boolean; shifts: { start_time: string; end_time: string; }[]; }; 3: { is_enabled: boolean; shifts: { start_time: string; end_time: string; }[]; }; 4: { ...; }; 5: { ...; }; 6: { ...; }; 0: { ...; }; }'.
resources/js/Pages/Booking/Providers.tsx(373,72): error TS2339: Property 'name' does not exist on type 'InertiaFormProps<{ id: number | null; name: string; email: string; phone: string; specialty: string; description: string; is_active: boolean; event_type_ids: number[]; }>'.
resources/js/Pages/Booking/Providers.tsx(385,72): error TS2339: Property 'specialty' does not exist on type 'InertiaFormProps<{ id: number | null; name: string; email: string; phone: string; specialty: string; description: string; is_active: boolean; event_type_ids: number[]; }>'.
resources/js/Pages/Booking/Providers.tsx(397,72): error TS2339: Property 'email' does not exist on type 'InertiaFormProps<{ id: number | null; name: string; email: string; phone: string; specialty: string; description: string; is_active: boolean; event_type_ids: number[]; }>'.
resources/js/Pages/Booking/Providers.tsx(408,72): error TS2339: Property 'phone' does not exist on type 'InertiaFormProps<{ id: number | null; name: string; email: string; phone: string; specialty: string; description: string; is_active: boolean; event_type_ids: number[]; }>'.
resources/js/Pages/Booking/Providers.tsx(420,68): error TS2339: Property 'description' does not exist on type 'InertiaFormProps<{ id: number | null; name: string; email: string; phone: string; specialty: string; description: string; is_active: boolean; event_type_ids: number[]; }>'.
resources/js/Pages/Booking/Providers.tsx(436,87): error TS2339: Property 'event_type_ids' does not exist on type 'InertiaFormProps<{ id: number | null; name: string; email: string; phone: string; specialty: string; description: string; is_active: boolean; event_type_ids: number[]; }>'.
resources/js/Pages/Booking/Providers.tsx(443,101): error TS2339: Property 'event_type_ids' does not exist on type 'InertiaFormProps<{ id: number | null; name: string; email: string; phone: string; specialty: string; description: string; is_active: boolean; event_type_ids: number[]; }>'.
resources/js/Pages/Booking/Providers.tsx(470,70): error TS2339: Property 'is_active' does not exist on type 'InertiaFormProps<{ id: number | null; name: string; email: string; phone: string; specialty: string; description: string; is_active: boolean; event_type_ids: number[]; }>'.
resources/js/Pages/Booking/Public/Show.tsx(102,38): error TS2304: Cannot find name 'Users'.
resources/js/Pages/BookingPriority/Dashboard.tsx(7,45): error TS7031: Binding element 'stats' implicitly has an 'any' type.
resources/js/Pages/BookingPriority/Dashboard.tsx(7,52): error TS7031: Binding element 'recentEscalations' implicitly has an 'any' type.
resources/js/Pages/BookingPriority/Dashboard.tsx(60,53): error TS7006: Parameter 'esc' implicitly has an 'any' type.
resources/js/Pages/BookingPriority/QueueManager.tsx(7,40): error TS7031: Binding element 'queueItems' implicitly has an 'any' type.
resources/js/Pages/BookingPriority/QueueManager.tsx(20,34): error TS7006: Parameter 'item' implicitly has an 'any' type.
resources/js/Pages/BookingPriority/QueueManager.tsx(20,40): error TS7006: Parameter 'index' implicitly has an 'any' type.
resources/js/Pages/BookingPriority/VipDirectory.tsx(8,40): error TS7031: Binding element 'vipCustomers' implicitly has an 'any' type.
resources/js/Pages/BookingPriority/VipDirectory.tsx(36,48): error TS7006: Parameter 'vip' implicitly has an 'any' type.
resources/js/Pages/BookingRules/ApprovalCenter.tsx(8,42): error TS7031: Binding element 'pendingApprovals' implicitly has an 'any' type.
resources/js/Pages/BookingRules/ApprovalCenter.tsx(33,52): error TS7006: Parameter 'exec' implicitly has an 'any' type.
resources/js/Pages/BookingRules/Builder.tsx(8,39): error TS7031: Binding element 'rule' implicitly has an 'any' type.
resources/js/Pages/BookingRules/Dashboard.tsx(9,42): error TS7031: Binding element 'rules' implicitly has an 'any' type.
resources/js/Pages/BookingRules/Dashboard.tsx(9,49): error TS7031: Binding element 'stats' implicitly has an 'any' type.
resources/js/Pages/BookingRules/Dashboard.tsx(70,41): error TS7006: Parameter 'rule' implicitly has an 'any' type.
resources/js/Pages/CRM/Campaigns/Index.tsx(19,33): error TS7031: Binding element 'campaigns' implicitly has an 'any' type.
resources/js/Pages/CRM/Campaigns/Index.tsx(24,27): error TS7006: Parameter 'e' implicitly has an 'any' type.
resources/js/Pages/CRM/Campaigns/Index.tsx(34,27): error TS7006: Parameter 'id' implicitly has an 'any' type.
resources/js/Pages/CRM/Campaigns/Index.tsx(40,29): error TS7006: Parameter 'status' implicitly has an 'any' type.
resources/js/Pages/CRM/Campaigns/Index.tsx(107,37): error TS7006: Parameter 'campaign' implicitly has an 'any' type.
resources/js/Pages/CRM/Campaigns/Show.tsx(12,32): error TS7031: Binding element 'campaign' implicitly has an 'any' type.
resources/js/Pages/CRM/Campaigns/Show.tsx(49,53): error TS18046: 'error' is of type 'unknown'.
resources/js/Pages/CRM/Campaigns/Show.tsx(49,84): error TS18046: 'error' is of type 'unknown'.
resources/js/Pages/CRM/Customers/Index.tsx(7,10): error TS2741: Property 'title' is missing in type '{ children: Element[]; }' but required in type 'ERPLayoutProps'.
resources/js/Pages/CRM/Dashboard.tsx(9,37): error TS7031: Binding element 'stats' implicitly has an 'any' type.
resources/js/Pages/CRM/Dashboard.tsx(48,17): error TS2322: Type '{ title: string; description: string; icon: ForwardRefExoticComponent<Omit<LucideProps, "ref"> & RefAttributes<SVGSVGElement>>; module: string; }' is not assignable to type 'IntrinsicAttributes & ModulePageHeaderProps'.
  Property 'module' does not exist on type 'IntrinsicAttributes & ModulePageHeaderProps'.
resources/js/Pages/CRM/Leads/Index.tsx(30,33): error TS7031: Binding element 'leads' implicitly has an 'any' type.
resources/js/Pages/CRM/Leads/Index.tsx(30,40): error TS7031: Binding element 'currentTab' implicitly has an 'any' type.
resources/js/Pages/CRM/Leads/Index.tsx(32,33): error TS2339: Property 'crm_features' does not exist on type '{ user: User; }'.
resources/js/Pages/CRM/Leads/Index.tsx(45,33): error TS7006: Parameter 'e' implicitly has an 'any' type.
resources/js/Pages/CRM/Leads/Index.tsx(55,33): error TS7006: Parameter 'id' implicitly has an 'any' type.
resources/js/Pages/CRM/Leads/Index.tsx(55,37): error TS7006: Parameter 'status' implicitly has an 'any' type.
resources/js/Pages/CRM/Leads/Index.tsx(59,27): error TS7006: Parameter 'id' implicitly has an 'any' type.
resources/js/Pages/CRM/Leads/Index.tsx(70,29): error TS7006: Parameter 'status' implicitly has an 'any' type.
resources/js/Pages/CRM/Leads/Index.tsx(91,21): error TS2322: Type '{ title: string; description: string; icon: ForwardRefExoticComponent<Omit<LucideProps, "ref"> & RefAttributes<SVGSVGElement>>; module: string; }' is not assignable to type 'IntrinsicAttributes & ModulePageHeaderProps'.
  Property 'module' does not exist on type 'IntrinsicAttributes & ModulePageHeaderProps'.
resources/js/Pages/CRM/Leads/Index.tsx(112,17): error TS2322: Type '{ title: string; description: string; icon: ForwardRefExoticComponent<Omit<LucideProps, "ref"> & RefAttributes<SVGSVGElement>>; module: string; actions: Element; }' is not assignable to type 'IntrinsicAttributes & ModulePageHeaderProps'.
  Property 'module' does not exist on type 'IntrinsicAttributes & ModulePageHeaderProps'.
resources/js/Pages/CRM/Leads/Index.tsx(254,46): error TS7006: Parameter 'lead' implicitly has an 'any' type.
resources/js/Pages/CRM/Leads/Index.tsx(310,41): error TS2322: Type 'string' is not assignable to type 'number'.
resources/js/Pages/CRM/Leads/Index.tsx(323,47): error TS7006: Parameter 'link' implicitly has an 'any' type.
resources/js/Pages/CRM/Leads/Index.tsx(323,53): error TS7006: Parameter 'i' implicitly has an 'any' type.
resources/js/Pages/CRM/Pipelines/Index.tsx(8,10): error TS2741: Property 'title' is missing in type '{ children: Element[]; }' but required in type 'ERPLayoutProps'.
resources/js/Pages/CRM/Search/Index.tsx(13,33): error TS2339: Property 'crm_features' does not exist on type '{ user: User; }'.
resources/js/Pages/CRM/Sequences/Show.tsx(12,32): error TS7031: Binding element 'sequence' implicitly has an 'any' type.
resources/js/Pages/CRM/Sequences/Show.tsx(26,51): error TS18046: 'error' is of type 'unknown'.
resources/js/Pages/CRM/Sequences/Show.tsx(26,82): error TS18046: 'error' is of type 'unknown'.
resources/js/Pages/CRM/Sequences/Show.tsx(42,31): error TS7006: Parameter 'id' implicitly has an 'any' type.
resources/js/Pages/CRM/Sequences/Show.tsx(106,67): error TS2339: Property 'length' does not exist on type 'never'.
resources/js/Pages/CRM/Sequences/Show.tsx(108,53): error TS2339: Property 'map' does not exist on type 'never'.
resources/js/Pages/CRM/Sequences/Show.tsx(108,58): error TS7006: Parameter 'step' implicitly has an 'any' type.
resources/js/Pages/CRM/Sequences/Show.tsx(108,64): error TS7006: Parameter 'idx' implicitly has an 'any' type.
resources/js/Pages/CRM/Sequences/Show.tsx(144,42): error TS7006: Parameter 'step' implicitly has an 'any' type.
resources/js/Pages/CRM/Sequences/Show.tsx(144,48): error TS7006: Parameter 'index' implicitly has an 'any' type.
resources/js/Pages/CRM/Settings/Index.tsx(13,41): error TS7031: Binding element 'api_token' implicitly has an 'any' type.
resources/js/Pages/CRM/Settings/Index.tsx(13,52): error TS7031: Binding element 'webhook_url' implicitly has an 'any' type.
resources/js/Pages/CRM/Settings/Index.tsx(20,17): error TS2322: Type '{ title: string; description: string; icon: ForwardRefExoticComponent<Omit<LucideProps, "ref"> & RefAttributes<SVGSVGElement>>; module: string; }' is not assignable to type 'IntrinsicAttributes & ModulePageHeaderProps'.
  Property 'module' does not exist on type 'IntrinsicAttributes & ModulePageHeaderProps'.
resources/js/Pages/CRM/Tags/Index.tsx(17,40): error TS2339: Property 'crm_features' does not exist on type '{ user: User; }'.
resources/js/Pages/CRM/Tags/Index.tsx(54,21): error TS2322: Type '{ title: string; description: string; icon: ForwardRefExoticComponent<Omit<LucideProps, "ref"> & RefAttributes<SVGSVGElement>>; module: string; }' is not assignable to type 'IntrinsicAttributes & ModulePageHeaderProps'.
  Property 'module' does not exist on type 'IntrinsicAttributes & ModulePageHeaderProps'.
resources/js/Pages/CRM/Tags/Index.tsx(75,17): error TS2322: Type '{ title: string; description: string; icon: ForwardRefExoticComponent<Omit<LucideProps, "ref"> & RefAttributes<SVGSVGElement>>; module: string; action: Element; }' is not assignable to type 'IntrinsicAttributes & ModulePageHeaderProps'.
  Property 'module' does not exist on type 'IntrinsicAttributes & ModulePageHeaderProps'.
resources/js/Pages/CRM/Workspaces/Index.tsx(21,34): error TS2339: Property 'crm_features' does not exist on type '{ user: User; }'.
resources/js/Pages/CRM/Workspaces/Index.tsx(60,21): error TS2322: Type '{ title: string; description: string; icon: ForwardRefExoticComponent<Omit<LucideProps, "ref"> & RefAttributes<SVGSVGElement>>; module: string; }' is not assignable to type 'IntrinsicAttributes & ModulePageHeaderProps'.
  Property 'module' does not exist on type 'IntrinsicAttributes & ModulePageHeaderProps'.
resources/js/Pages/CRM/Workspaces/Index.tsx(84,17): error TS2322: Type '{ title: string; description: string; icon: ForwardRefExoticComponent<Omit<LucideProps, "ref"> & RefAttributes<SVGSVGElement>>; module: string; }' is not assignable to type 'IntrinsicAttributes & ModulePageHeaderProps'.
  Property 'module' does not exist on type 'IntrinsicAttributes & ModulePageHeaderProps'.
resources/js/Pages/ERP/Clients/Create.tsx(105,109): error TS2322: Type 'string | null' is not assignable to type 'string'.
  Type 'null' is not assignable to type 'string'.
resources/js/Pages/ERP/Contracts/Create.tsx(71,107): error TS2322: Type 'string | null' is not assignable to type 'string'.
  Type 'null' is not assignable to type 'string'.
resources/js/Pages/ERP/Dashboard.tsx(1411,66): error TS2304: Cannot find name 'Building2'.
resources/js/Pages/ERP/Dashboard.tsx(1443,47): error TS2304: Cannot find name 'Building2'.
resources/js/Pages/ERP/Dashboard.tsx(2140,124): error TS2304: Cannot find name 'handleDeleteExpense'.
resources/js/Pages/ERP/Files/Create.tsx(79,101): error TS2322: Type 'string | null' is not assignable to type 'string'.
  Type 'null' is not assignable to type 'string'.
resources/js/Pages/ERP/Payroll/Index.tsx(45,13): error TS2304: Cannot find name 'paymentMethods'.
resources/js/Pages/ERP/Payroll/Index.tsx(45,31): error TS2304: Cannot find name 'paymentMethods'.
resources/js/Pages/ERP/Payroll/Index.tsx(46,32): error TS2304: Cannot find name 'paymentMethods'.
resources/js/Pages/ERP/Payroll/Index.tsx(437,34): error TS2304: Cannot find name 'paymentMethods'.
resources/js/Pages/ERP/Pos/Index.tsx(172,25): error TS2719: Type 'CartItem[]' is not assignable to type 'CartItem[]'. Two different types with this name exist, but they are unrelated.
  Property 'stock' is missing in type 'CartItem' but required in type 'CartItem'.
resources/js/Pages/ERP/Projects/Create.tsx(82,107): error TS2322: Type 'string | null' is not assignable to type 'string'.
  Type 'null' is not assignable to type 'string'.
resources/js/Pages/ERP/StorageProviders/Create.tsx(73,107): error TS2322: Type 'string | null' is not assignable to type 'string'.
  Type 'null' is not assignable to type 'string'.
resources/js/Pages/ERP/Tickets/Create.tsx(70,109): error TS2322: Type 'string | null' is not assignable to type 'string'.
  Type 'null' is not assignable to type 'string'.
resources/js/Pages/Fbmb/Index.tsx(48,75): error TS2344: Type '{ props: PageProps; }' does not satisfy the constraint 'PageProps'.
  Property 'auth' is missing in type '{ props: PageProps; }' but required in type 'PageProps'.
resources/js/Pages/Fbmb/Index.tsx(578,51): error TS7006: Parameter 'record' implicitly has an 'any' type.
resources/js/Pages/Freelance/Contracts/Show.tsx(291,30): error TS2322: Type '{ children: Element; clean: boolean; }' is not assignable to type 'IntrinsicAttributes & { children: any; }'.
  Property 'clean' does not exist on type 'IntrinsicAttributes & { children: any; }'.
resources/js/Pages/Freelance/Contracts/Show.tsx(300,26): error TS2322: Type '{ children: Element; clean: boolean; }' is not assignable to type 'IntrinsicAttributes & { children: any; }'.
  Property 'clean' does not exist on type 'IntrinsicAttributes & { children: any; }'.
resources/js/Pages/Freelance/Jobs/Show.tsx(289,30): error TS2322: Type '{ children: Element; clean: boolean; }' is not assignable to type 'IntrinsicAttributes & { children: any; }'.
  Property 'clean' does not exist on type 'IntrinsicAttributes & { children: any; }'.
resources/js/Pages/Freelance/Jobs/Show.tsx(298,26): error TS2322: Type '{ children: Element; clean: boolean; }' is not assignable to type 'IntrinsicAttributes & { children: any; }'.
  Property 'clean' does not exist on type 'IntrinsicAttributes & { children: any; }'.
resources/js/Pages/GoldSavers/Analytics/Index.tsx(110,57): error TS2322: Type '(value: number) => [string, string]' is not assignable to type 'Formatter<ValueType, NameType> & ((value: ValueType, name: NameType, item: TooltipPayloadEntry, index: number, payload: TooltipPayload) => ReactNode | [...])'.
  Type '(value: number) => [string, string]' is not assignable to type 'Formatter<ValueType, NameType>'.
    Types of parameters 'value' and 'value' are incompatible.
      Type 'ValueType | undefined' is not assignable to type 'number'.
        Type 'undefined' is not assignable to type 'number'.
resources/js/Pages/GoldSavers/Market/Index.tsx(157,53): error TS2322: Type '(value: number) => [string, string]' is not assignable to type 'Formatter<ValueType, NameType> & ((value: ValueType, name: NameType, item: TooltipPayloadEntry, index: number, payload: TooltipPayload) => ReactNode | [...])'.
  Type '(value: number) => [string, string]' is not assignable to type 'Formatter<ValueType, NameType>'.
    Types of parameters 'value' and 'value' are incompatible.
      Type 'ValueType | undefined' is not assignable to type 'number'.
        Type 'undefined' is not assignable to type 'number'.
resources/js/Pages/GoldSavers/Reports/Index.tsx(49,30): error TS2739: Type '{ module: string; title: string; description: string; }' is missing the following properties from type 'UpgradeOverlayProps': icon, priceText
resources/js/Pages/GoldSavers/Reports/Index.tsx(73,125): error TS2345: Argument of type 'string | null' is not assignable to parameter of type 'string'.
  Type 'null' is not assignable to type 'string'.
resources/js/Pages/GoldSavers/Reports/Index.tsx(90,119): error TS2345: Argument of type 'string | null' is not assignable to parameter of type 'string'.
  Type 'null' is not assignable to type 'string'.
resources/js/Pages/GoldSavers/Wallets/Index.tsx(172,104): error TS2345: Argument of type 'string | null' is not assignable to parameter of type 'SetStateAction<string>'.
  Type 'null' is not assignable to type 'SetStateAction<string>'.
resources/js/Pages/GoldSavers/Wallets/Index.tsx(185,96): error TS2345: Argument of type 'string | null' is not assignable to parameter of type 'SetStateAction<string>'.
  Type 'null' is not assignable to type 'SetStateAction<string>'.
resources/js/Pages/GoldSavers/Wallets/Index.tsx(230,105): error TS2322: Type 'string | null' is not assignable to type 'string'.
  Type 'null' is not assignable to type 'string'.
resources/js/Pages/GoldSavers/Wallets/Index.tsx(298,37): error TS2322: Type '{ hidden: { opacity: number; y: number; }; show: { opacity: number; y: number; transition: { type: string; stiffness: number; damping: number; }; }; exit: { opacity: number; scale: number; transition: { duration: number; }; }; }' is not assignable to type 'Variants'.
  Property 'show' is incompatible with index signature.
    Type '{ opacity: number; y: number; transition: { type: string; stiffness: number; damping: number; }; }' is not assignable to type 'Variant'.
      Type '{ opacity: number; y: number; transition: { type: string; stiffness: number; damping: number; }; }' is not assignable to type 'TargetAndTransition'.
        Type '{ opacity: number; y: number; transition: { type: string; stiffness: number; damping: number; }; }' is not assignable to type '{ transition?: Transition<any> | undefined; transitionEnd?: ResolvedValues$1 | undefined; }'.
          Types of property 'transition' are incompatible.
            Type '{ type: string; stiffness: number; damping: number; }' is not assignable to type 'Transition<any> | undefined'.
              Type '{ type: string; stiffness: number; damping: number; }' is not assignable to type 'TransitionWithValueOverrides<any>'.
                Type '{ type: string; stiffness: number; damping: number; }' is not assignable to type 'ValueAnimationTransition<any>'.
                  Types of property 'type' are incompatible.
                    Type 'string' is not assignable to type 'AnimationGeneratorType | undefined'.
resources/js/Pages/GoldSavers/Wallets/Show.tsx(91,126): error TS2345: Argument of type 'GoldTransaction' is not assignable to parameter of type 'RequestPayload | undefined'.
  Type 'GoldTransaction' is not assignable to type 'Record<string, FormDataConvertible>'.
    Index signature for type 'string' is missing in type 'GoldTransaction'.
resources/js/Pages/GoldSavers/Wallets/Show.tsx(170,111): error TS2322: Type 'string | null' is not assignable to type 'string'.
  Type 'null' is not assignable to type 'string'.
resources/js/Pages/GoldSavers/Wallets/Show.tsx(266,49): error TS2322: Type '(value: "buy" | "sell") => void' is not assignable to type '(value: string | null, eventDetails: SelectRootChangeEventDetails) => void'.
  Types of parameters 'value' and 'value' are incompatible.
    Type 'string | null' is not assignable to type '"buy" | "sell"'.
      Type 'null' is not assignable to type '"buy" | "sell"'.
resources/js/Pages/GoldSavers/Wallets/Show.tsx(289,93): error TS2322: Type 'string | null' is not assignable to type 'string'.
  Type 'null' is not assignable to type 'string'.
resources/js/Pages/GoldSavers/Wallets/Show.tsx(444,45): error TS2322: Type '(value: "buy" | "sell") => void' is not assignable to type '(value: "buy" | "sell" | null, eventDetails: SelectRootChangeEventDetails) => void'.
  Types of parameters 'value' and 'value' are incompatible.
    Type '"buy" | "sell" | null' is not assignable to type '"buy" | "sell"'.
      Type 'null' is not assignable to type '"buy" | "sell"'.
resources/js/Pages/GoldSavers/Wallets/Show.tsx(467,113): error TS2345: Argument of type 'string | null' is not assignable to parameter of type 'string'.
  Type 'null' is not assignable to type 'string'.
resources/js/Pages/iSaaS/Calculator/Index.tsx(10,33): error TS7031: Binding element 'proposals' implicitly has an 'any' type.
resources/js/Pages/iSaaS/Calculator/Index.tsx(60,38): error TS7006: Parameter 'id' implicitly has an 'any' type.
resources/js/Pages/iSaaS/Calculator/Index.tsx(119,75): error TS7006: Parameter 'proposal' implicitly has an 'any' type.
resources/js/Pages/iSaaS/Contracts/Components/ContractForm.tsx(119,42): error TS7006: Parameter 'item' implicitly has an 'any' type.
resources/js/Pages/iSaaS/Contracts/Components/ContractForm.tsx(320,54): error TS7006: Parameter 'item' implicitly has an 'any' type.
resources/js/Pages/iSaaS/Contracts/Components/ContractForm.tsx(320,60): error TS7006: Parameter 'index' implicitly has an 'any' type.
resources/js/Pages/iSaaS/Contracts/Components/ContractForm.tsx(356,57): error TS7006: Parameter 'feature' implicitly has an 'any' type.
resources/js/Pages/iSaaS/Contracts/Components/ContractForm.tsx(356,66): error TS7006: Parameter 'index' implicitly has an 'any' type.
resources/js/Pages/iSaaS/Contracts/Index.tsx(15,33): error TS7031: Binding element 'contracts' implicitly has an 'any' type.
resources/js/Pages/iSaaS/Contracts/Index.tsx(15,44): error TS7031: Binding element 'currentTab' implicitly has an 'any' type.
resources/js/Pages/iSaaS/Contracts/Index.tsx(17,33): error TS7006: Parameter 'id' implicitly has an 'any' type.
resources/js/Pages/iSaaS/Contracts/Index.tsx(17,37): error TS7006: Parameter 'status' implicitly has an 'any' type.
resources/js/Pages/iSaaS/Contracts/Index.tsx(21,27): error TS7006: Parameter 'id' implicitly has an 'any' type.
resources/js/Pages/iSaaS/Contracts/Index.tsx(27,29): error TS7006: Parameter 'status' implicitly has an 'any' type.
resources/js/Pages/iSaaS/Contracts/Index.tsx(100,50): error TS7006: Parameter 'contract' implicitly has an 'any' type.
resources/js/Pages/iSaaS/Contracts/Index.tsx(164,51): error TS7006: Parameter 'link' implicitly has an 'any' type.
resources/js/Pages/iSaaS/Contracts/Index.tsx(164,57): error TS7006: Parameter 'i' implicitly has an 'any' type.
resources/js/Pages/iSaaS/Proposals/Create.tsx(99,37): error TS2339: Property 'error' does not exist on type 'FormDataErrors<{ project_name: string; client_name: string; client_email: string; requirements: string; }>'.
resources/js/Pages/iSaaS/Proposals/Create.tsx(101,45): error TS2339: Property 'error' does not exist on type 'FormDataErrors<{ project_name: string; client_name: string; client_email: string; requirements: string; }>'.
resources/js/Pages/Marketplace/Services/Edit.tsx(49,52): error TS7006: Parameter 'p' implicitly has an 'any' type.
resources/js/Pages/Marketplace/Services/Edit.tsx(60,47): error TS7006: Parameter 'min' implicitly has an 'any' type.
resources/js/Pages/Marketplace/Services/Edit.tsx(60,52): error TS7006: Parameter 'p' implicitly has an 'any' type.
resources/js/Pages/SmsPaymentGateway/ApiKeys.tsx(66,23): error TS2352: Conversion of type 'PageProps & { errors: Errors & ErrorBag; deferred?: Record<string, string[] | undefined> | undefined; }' to type '{ flash: FlashData; }' may be a mistake because neither type sufficiently overlaps with the other. If this was intentional, convert the expression to 'unknown' first.
  Property 'flash' is missing in type 'PageProps & { errors: Errors & ErrorBag; deferred?: Record<string, string[] | undefined> | undefined; }' but required in type '{ flash: FlashData; }'.
resources/js/Pages/SmsPaymentGateway/Device.tsx(237,137): error TS2345: Argument of type 'string | null' is not assignable to parameter of type 'string'.
  Type 'null' is not assignable to type 'string'.
resources/js/Pages/SmsPaymentGateway/Device.tsx(292,137): error TS2345: Argument of type 'string | null' is not assignable to parameter of type 'string'.
  Type 'null' is not assignable to type 'string'.
resources/js/Pages/SmsPaymentGateway/PaymentLinks.tsx(134,88): error TS2339: Property 'currency' does not exist on type 'PaymentOrder'.
resources/js/Pages/SmsPaymentGateway/SmsSimulator.tsx(111,45): error TS2322: Type 'Dispatch<SetStateAction<string>>' is not assignable to type '(value: string | null, eventDetails: SelectRootChangeEventDetails) => void'.
  Types of parameters 'value' and 'value' are incompatible.
    Type 'string | null' is not assignable to type 'SetStateAction<string>'.
      Type 'null' is not assignable to type 'SetStateAction<string>'.
resources/js/Pages/Tools/EmailSenderRunner.tsx(450,136): error TS2322: Type 'string | null' is not assignable to type 'string'.
  Type 'null' is not assignable to type 'string'.
resources/js/Pages/Tools/EmailSenderRunner.tsx(459,140): error TS2322: Type 'string | null' is not assignable to type 'string'.
  Type 'null' is not assignable to type 'string'.
resources/js/Pages/Tools/EmailSenderRunner.tsx(468,144): error TS2322: Type 'string | null' is not assignable to type 'string'.
  Type 'null' is not assignable to type 'string'.
resources/js/Pages/Tools/EmailSenderRunner.tsx(849,136): error TS2322: Type 'string | null' is not assignable to type 'string'.
  Type 'null' is not assignable to type 'string'.
resources/js/Pages/Tools/GoogleMapsRunner.tsx(399,19): error TS2322: Type 'unknown' is not assignable to type 'any[]'.
resources/js/Pages/Tools/ObfuscatorRunner.tsx(166,51): error TS2322: Type 'Dispatch<SetStateAction<string>>' is not assignable to type '(value: string | null, eventDetails: SelectRootChangeEventDetails) => void'.
  Types of parameters 'value' and 'value' are incompatible.
    Type 'string | null' is not assignable to type 'SetStateAction<string>'.
      Type 'null' is not assignable to type 'SetStateAction<string>'.
resources/js/Pages/Tools/OlxB2CFinderRunner.tsx(137,77): error TS2322: Type 'Dispatch<SetStateAction<string>>' is not assignable to type '(value: string | null, eventDetails: SelectRootChangeEventDetails) => void'.
  Types of parameters 'value' and 'value' are incompatible.
    Type 'string | null' is not assignable to type 'SetStateAction<string>'.
      Type 'null' is not assignable to type 'SetStateAction<string>'.
resources/js/Pages/Tools/Tutorial.tsx(7,5): error TS2724: '"lucide-react"' has no exported member named 'Chrome'. Did you mean 'Home'?
resources/js/Pages/Tools/WaFunnelEngineRunner.tsx(336,43): error TS7006: Parameter 'id' implicitly has an 'any' type.
resources/js/Pages/Tools/WaFunnelEngineRunner.tsx(337,43): error TS7006: Parameter 'f' implicitly has an 'any' type.
resources/js/Pages/Tools/WhatsApp/Workspaces/DashboardWorkspace.tsx(256,73): error TS2363: The right-hand side of an arithmetic operation must be of type 'any', 'number', 'bigint' or an enum type.
resources/js/Pages/Tools/WhatsApp/Workspaces/DashboardWorkspace.tsx(321,73): error TS2363: The right-hand side of an arithmetic operation must be of type 'any', 'number', 'bigint' or an enum type.
resources/js/Pages/Tools/WhatsApp/Workspaces/DeliverabilityWorkspace.tsx(122,18): error TS7053: Element implicitly has an 'any' type because expression of type 'any' can't be used to index type '{ en: { title: string; subtitle: string; manualTrigger: string; manualTriggerSub: string; statusActive: string; statusInactive: string; trustScore: string; warmupToggled: string; messagesWarmed: string; ... 14 more ...; disconnected: string; }; ar: { ...; }; }'.
resources/js/Pages/Tools/WhatsApp/Workspaces/InboxWorkspace.tsx(200,51): error TS7006: Parameter 'prev' implicitly has an 'any' type.
resources/js/Pages/Tools/WhatsApp/Workspaces/InboxWorkspace.tsx(685,46): error TS2304: Cannot find name 'Label'.
resources/js/Pages/Tools/WhatsApp/Workspaces/InboxWorkspace.tsx(688,47): error TS2304: Cannot find name 'Label'.
